2026-09-22 13:29:41 | INFO    | stage.stage07_portfolio      | ========================================================================
2026-09-22 13:29:41 | INFO    | stage.stage07_portfolio      | STAGE 7 | portfolio construction (Ch. 19)
2026-09-22 13:29:41 | INFO    | stage.stage07_portfolio      | ========================================================================
2026-09-22 13:29:41 | INFO    | stage.stage07_portfolio      | constraint set feasible: True (feasible)
2026-09-22 13:31:06 | INFO    | stage.stage07_portfolio      | portfolio model comparison:
                                   cagr  ann_vol  sharpe  sortino  max_drawdown  ann_turnover
M0_equal_weight                  0.0731   0.1094  0.7010   0.6626       -0.3301        0.3584
M1_inverse_vol                   0.0547   0.0641  0.8653   0.8229       -0.1759        0.5023
M2_risk_parity                   0.0516   0.0653  0.8048   0.7477       -0.1836        0.4190
M6_combined_alpha_mvo            0.0361   0.0751  0.5104   0.4698       -0.2122       10.9164
M7_combined_alpha_shrinkage_mvo  0.0357   0.0752  0.5047   0.4651       -0.2121       10.8229
M8_black_litterman               0.0431   0.1122  0.4327   0.3922       -0.2934       11.8775
M9_mean_cvar                     0.0334   0.0417  0.8102   0.7620       -0.1419        0.5803
SPY_buy_hold                     0.1114   0.1921  0.6471   0.6111       -0.5519        0.0484
2026-09-22 13:31:37 | INFO    | stage.stage07_portfolio      | estimation-error experiment, perturbation 10%:
                       baseline_max_weight  baseline_effective_n  baseline_n_holdings  mean_abs_weight_change  mean_turnover_from_noise  p95_turnover_from_noise  max_turnover_from_noise  mean_max_weight  mean_effective_n  n_trials
method                                                                                                                                                                                                                                
unconstrained                       0.7742                1.5989                    3                  0.0066                    0.0988                   0.2029                   0.3379           0.7734            1.6055       150
constrained                         0.2500                4.5455                    5                  0.0114                    0.1712                   0.4992                   0.5460           0.2500            4.6150       150
shrunk_mu                           0.6887                1.8406                    4                  0.0132                    0.1978                   0.5322                   0.6733           0.6717            1.9369       150
shrunk_mu_constrained               0.2500                5.0011                    6                  0.0242                    0.3632                   0.7396                   1.0069           0.2500            4.9507       150
min_variance                        0.2500                4.4241                    5                  0.0000                    0.0000                   0.0000                   0.0000           0.2500            4.4241       150
2026-09-22 13:32:07 | INFO    | stage.stage07_portfolio      | estimation-error experiment, perturbation 25%:
                       baseline_max_weight  baseline_effective_n  baseline_n_holdings  mean_abs_weight_change  mean_turnover_from_noise  p95_turnover_from_noise  max_turnover_from_noise  mean_max_weight  mean_effective_n  n_trials
method                                                                                                                                                                                                                                
unconstrained                       0.7742                1.5989                    3                  0.0164                    0.2460                   0.5758                   0.9177           0.7390            1.7319       150
constrained                         0.2500                4.5455                    5                  0.0246                    0.3690                   0.7000                   0.9880           0.2500            4.6361       150
shrunk_mu                           0.6887                1.8406                    4                  0.0308                    0.4616                   0.8860                   1.1340           0.6279            2.0667       150
shrunk_mu_constrained               0.2500                5.0011                    6                  0.0409                    0.6131                   1.0248                   1.2339           0.2500            4.7859       150
min_variance                        0.2500                4.4241                    5                  0.0000                    0.0000                   0.0000                   0.0000           0.2500            4.4241       150
2026-09-22 13:32:10 | INFO    | stage.stage07_portfolio      | optimiser variants (latest window):
     resampled  robust  minimum_variance
SPY     0.1228  0.1431            0.0000
QQQ     0.1972  0.2257            0.0000
IWM     0.0217  0.0000            0.0000
EFA     0.0339  0.0000            0.0000
EEM     0.2346  0.2500            0.0000
SHY     0.0000  0.0000            0.2500
IEF     0.0000  0.0000            0.1854
TLT     0.0000  0.0000            0.0000
AGG     0.0000  0.0000            0.2500
LQD     0.0000  0.0000            0.0000
HYG     0.0000  0.0000            0.2500
GLD     0.0000  0.0000            0.0000
SLV     0.1398  0.1311            0.0000
DBC     0.2500  0.2500            0.0646
VNQ     0.0000  0.0000            0.0000
2026-09-22 13:32:12 | INFO    | stage.stage07_portfolio      | equal-weight book, risk attributed to principal components:
     factor_exposure  variance_contribution  variance_share  factor_explained_variance
PC1           0.1895                    0.0          0.9183                     0.5438
PC2           0.0603                    0.0          0.0364                     0.2128
PC3           0.0706                    0.0          0.0153                     0.0652
PC4           0.0687                    0.0          0.0105                     0.0473
PC5           0.0942                    0.0          0.0160                     0.0384
2026-09-22 13:32:12 | INFO    | stage.stage07_portfolio      | STAGE 7 complete
