2026-09-22 12:48:04 | INFO    | stage.stage02_eda            | ========================================================================
2026-09-22 12:48:04 | INFO    | stage.stage02_eda            | STAGE 2 | exploratory data analysis and PCA (Ch. 8)
2026-09-22 12:48:04 | INFO    | stage.stage02_eda            | ========================================================================
2026-09-22 12:48:04 | INFO    | stage.stage02_eda            | return statistics:
      n_obs  mean_ann    cagr  vol_ann  sharpe_naive    skew  excess_kurtosis  jarque_bera  jb_pvalue     min     q01  median     q99     max  downside_vol_ann  max_drawdown  hit_rate  autocorr_lag1
SPY  5210.0    0.1243  0.1116   0.1921        0.5810 -0.0027          15.0608   49138.8031        0.0 -0.1094 -0.0355  0.0007  0.0318  0.1452            0.1572       -0.5519    0.5507        -0.1036
QQQ  5210.0    0.1715  0.1588   0.2194        0.7238 -0.0565           7.4781   12115.5875        0.0 -0.1198 -0.0391  0.0011  0.0354  0.1216            0.1683       -0.5340    0.5543        -0.0846
IWM  5210.0    0.1123  0.0861   0.2431        0.3543 -0.3173           6.1975    8406.2451        0.0 -0.1327 -0.0397  0.0010  0.0434  0.0915            0.1820       -0.5864    0.5334        -0.0735
EFA  5210.0    0.0783  0.0572   0.2130        0.2684 -0.0403          13.9289   42031.2149        0.0 -0.1116 -0.0382  0.0007  0.0350  0.1589            0.1694       -0.6104    0.5309        -0.1119
EEM  5210.0    0.0984  0.0612   0.2797        0.2190  0.5118          17.6966   68071.7632        0.0 -0.1617 -0.0496  0.0009  0.0500  0.2277            0.2108       -0.6643    0.5253        -0.1230
SHY  5210.0    0.0195  0.0195   0.0150        1.2975  0.3627           8.1636   14549.8446        0.0 -0.0066 -0.0025  0.0000  0.0029  0.0100            0.0108       -0.0571    0.4912        -0.0714
IEF  5210.0    0.0328  0.0309   0.0681        0.4537  0.1465           2.7558    1662.7221        0.0 -0.0251 -0.0109  0.0002  0.0115  0.0343            0.0442       -0.2392    0.5155        -0.0304
TLT  5210.0    0.0373  0.0268   0.1474        0.1820  0.0847           3.4490    2581.9578        0.0 -0.0667 -0.0231  0.0004  0.0248  0.0752            0.0972       -0.4835    0.5169        -0.0293
AGG  5210.0    0.0308  0.0298   0.0528        0.5652 -1.8553          50.2570  550211.9784        0.0 -0.0684 -0.0081  0.0002  0.0082  0.0387            0.0439       -0.1843    0.5269        -0.0501
LQD  5210.0    0.0423  0.0394   0.0860        0.4582  0.0446          59.1632  758368.2573        0.0 -0.0911 -0.0123  0.0004  0.0123  0.0977            0.0710       -0.2495    0.5319         0.0009
HYG  4892.0    0.0535  0.0488   0.1083        0.4502  0.7576          43.6105  387319.9451        0.0 -0.0810 -0.0198  0.0003  0.0179  0.1227            0.0924       -0.3425    0.5323         0.0003
GLD  5210.0    0.1146  0.1024   0.1850        0.5534 -0.3039           6.3836    8906.1651        0.0 -0.1027 -0.0320  0.0006  0.0303  0.1129            0.1390       -0.4556    0.5307        -0.0174
SLV  5130.0    0.1284  0.0745   0.3334        0.2234 -1.0341          12.3003   33184.4731        0.0 -0.2854 -0.0585  0.0010  0.0555  0.1442            0.2714       -0.7628    0.5205         0.0025
DBC  5187.0    0.0445  0.0261   0.1932        0.1349 -0.3868           2.9599    2017.5765        0.0 -0.0794 -0.0354  0.0007  0.0299  0.0687            0.1408       -0.7636    0.5165        -0.0011
VNQ  5210.0    0.1042  0.0644   0.2887        0.2230  0.0126          17.3099   64912.0273        0.0 -0.1951 -0.0564  0.0008  0.0568  0.1701            0.2348       -0.7307    0.5296        -0.1620
2026-09-22 12:48:05 | INFO    | stage.stage02_eda            | variance ratios (VR<1 => mean reverting):
      vr_2   vr_5  vr_10  vr_21  vr_63  half_life_zscore_21
SPY  0.899  0.820  0.760  0.740  0.660                5.139
QQQ  0.917  0.849  0.798  0.793  0.762                5.395
IWM  0.928  0.896  0.846  0.838  0.753                5.242
EFA  0.891  0.837  0.786  0.764  0.744                5.355
EEM  0.879  0.780  0.694  0.669  0.676                5.343
SHY  0.929  0.844  0.848  0.964  1.426                4.755
IEF  0.970  0.901  0.865  0.916  0.966                5.882
TLT  0.970  0.866  0.813  0.844  0.872                5.743
AGG  0.949  0.824  0.753  0.765  0.747                5.408
LQD  1.004  0.930  0.894  0.904  0.818                5.777
HYG  1.002  0.978  0.979  0.979  0.821                6.154
GLD  0.984  0.959  0.922  0.881  0.767                5.986
SLV  1.004  1.007  0.976  0.935  0.878                6.221
DBC  0.999  0.998  1.007  1.067  1.365                6.424
VNQ  0.839  0.750  0.690  0.685  0.584                5.315
2026-09-22 12:48:07 | INFO    | stage.stage02_eda            | PCA:
     eigenvalue  explained_variance  cumulative_variance
PC1      6.1105              0.4074               0.4074
PC2      3.7458              0.2497               0.6571
PC3      1.7599              0.1173               0.7744
PC4      0.7247              0.0483               0.8227
PC5      0.5371              0.0358               0.8585
PC6      0.4676              0.0312               0.8897
2026-09-22 12:48:07 | INFO    | stage.stage02_eda            | interpretation:
           explained_variance                 highest_loadings                  lowest_loadings dominant_class   long_short
component                                                                                                                  
PC1                  0.407369  SPY +0.39, EFA +0.37, IWM +0.37  TLT -0.16, IEF -0.16, SHY -0.12         equity       spread
PC2                  0.249719  AGG +0.46, IEF +0.45, TLT +0.41  DBC +0.02, IWM +0.03, SPY +0.03          rates  directional
PC3                  0.117327  GLD +0.61, SLV +0.59, DBC +0.37  LQD -0.18, HYG -0.15, VNQ -0.14      commodity       spread
PC4                  0.048312  VNQ +0.31, SHY +0.25, GLD +0.20  DBC -0.57, HYG -0.43, LQD -0.38         credit       spread
2026-09-22 12:48:07 | INFO    | stage.stage02_eda            | components for 90%: 7 | effective rank 6.07 | MP-significant 3
2026-09-22 12:48:39 | INFO    | stage.stage02_eda            | volatility estimator ranking (mean across assets):
                corr          rmse         qlike            r2
estimator                                                     
ewma_hl11     0.6645  6.960000e-02  3.748000e-01  3.580000e-01
ewma_hl40     0.6018  7.420000e-02  3.900000e-01  3.024000e-01
rolling_63    0.5931  7.710000e-02  4.277000e-01  2.445000e-01
rolling_252   0.4385  8.760000e-02  5.088000e-01  7.640000e-02
parkinson_21  0.6441  7.790000e-02  9.633000e-01  1.505000e-01
garch_11      0.5388  5.282577e+06  1.497681e+09 -7.841906e+18
2026-09-22 12:48:40 | INFO    | stage.stage02_eda            | GARCH(1,1) persistence: min 0.810 max 1.000 mean 0.980
2026-09-22 12:48:52 | INFO    | stage.stage02_eda            | STAGE 2 complete
2026-09-22 12:49:58 | INFO    | stage.stage02_eda            | ========================================================================
2026-09-22 12:49:58 | INFO    | stage.stage02_eda            | STAGE 2 | exploratory data analysis and PCA (Ch. 8)
2026-09-22 12:49:58 | INFO    | stage.stage02_eda            | ========================================================================
2026-09-22 12:49:58 | INFO    | stage.stage02_eda            | return statistics:
      n_obs  mean_ann    cagr  vol_ann  sharpe_naive    skew  excess_kurtosis  jarque_bera  jb_pvalue     min     q01  median     q99     max  downside_vol_ann  max_drawdown  hit_rate  autocorr_lag1
SPY  5210.0    0.1243  0.1116   0.1921        0.5810 -0.0027          15.0608   49138.8031        0.0 -0.1094 -0.0355  0.0007  0.0318  0.1452            0.1572       -0.5519    0.5507        -0.1036
QQQ  5210.0    0.1715  0.1588   0.2194        0.7238 -0.0565           7.4781   12115.5875        0.0 -0.1198 -0.0391  0.0011  0.0354  0.1216            0.1683       -0.5340    0.5543        -0.0846
IWM  5210.0    0.1123  0.0861   0.2431        0.3543 -0.3173           6.1975    8406.2451        0.0 -0.1327 -0.0397  0.0010  0.0434  0.0915            0.1820       -0.5864    0.5334        -0.0735
EFA  5210.0    0.0783  0.0572   0.2130        0.2684 -0.0403          13.9289   42031.2149        0.0 -0.1116 -0.0382  0.0007  0.0350  0.1589            0.1694       -0.6104    0.5309        -0.1119
EEM  5210.0    0.0984  0.0612   0.2797        0.2190  0.5118          17.6966   68071.7632        0.0 -0.1617 -0.0496  0.0009  0.0500  0.2277            0.2108       -0.6643    0.5253        -0.1230
SHY  5210.0    0.0195  0.0195   0.0150        1.2975  0.3627           8.1636   14549.8446        0.0 -0.0066 -0.0025  0.0000  0.0029  0.0100            0.0108       -0.0571    0.4912        -0.0714
IEF  5210.0    0.0328  0.0309   0.0681        0.4537  0.1465           2.7558    1662.7221        0.0 -0.0251 -0.0109  0.0002  0.0115  0.0343            0.0442       -0.2392    0.5155        -0.0304
TLT  5210.0    0.0373  0.0268   0.1474        0.1820  0.0847           3.4490    2581.9578        0.0 -0.0667 -0.0231  0.0004  0.0248  0.0752            0.0972       -0.4835    0.5169        -0.0293
AGG  5210.0    0.0308  0.0298   0.0528        0.5652 -1.8553          50.2570  550211.9784        0.0 -0.0684 -0.0081  0.0002  0.0082  0.0387            0.0439       -0.1843    0.5269        -0.0501
LQD  5210.0    0.0423  0.0394   0.0860        0.4582  0.0446          59.1632  758368.2573        0.0 -0.0911 -0.0123  0.0004  0.0123  0.0977            0.0710       -0.2495    0.5319         0.0009
HYG  4892.0    0.0535  0.0488   0.1083        0.4502  0.7576          43.6105  387319.9451        0.0 -0.0810 -0.0198  0.0003  0.0179  0.1227            0.0924       -0.3425    0.5323         0.0003
GLD  5210.0    0.1146  0.1024   0.1850        0.5534 -0.3039           6.3836    8906.1651        0.0 -0.1027 -0.0320  0.0006  0.0303  0.1129            0.1390       -0.4556    0.5307        -0.0174
SLV  5130.0    0.1284  0.0745   0.3334        0.2234 -1.0341          12.3003   33184.4731        0.0 -0.2854 -0.0585  0.0010  0.0555  0.1442            0.2714       -0.7628    0.5205         0.0025
DBC  5187.0    0.0445  0.0261   0.1932        0.1349 -0.3868           2.9599    2017.5765        0.0 -0.0794 -0.0354  0.0007  0.0299  0.0687            0.1408       -0.7636    0.5165        -0.0011
VNQ  5210.0    0.1042  0.0644   0.2887        0.2230  0.0126          17.3099   64912.0273        0.0 -0.1951 -0.0564  0.0008  0.0568  0.1701            0.2348       -0.7307    0.5296        -0.1620
2026-09-22 12:49:59 | INFO    | stage.stage02_eda            | variance ratios (VR<1 => mean reverting):
      vr_2   vr_5  vr_10  vr_21  vr_63  half_life_zscore_21
SPY  0.899  0.820  0.760  0.740  0.660                5.139
QQQ  0.917  0.849  0.798  0.793  0.762                5.395
IWM  0.928  0.896  0.846  0.838  0.753                5.242
EFA  0.891  0.837  0.786  0.764  0.744                5.355
EEM  0.879  0.780  0.694  0.669  0.676                5.343
SHY  0.929  0.844  0.848  0.964  1.426                4.755
IEF  0.970  0.901  0.865  0.916  0.966                5.882
TLT  0.970  0.866  0.813  0.844  0.872                5.743
AGG  0.949  0.824  0.753  0.765  0.747                5.408
LQD  1.004  0.930  0.894  0.904  0.818                5.777
HYG  1.002  0.978  0.979  0.979  0.821                6.154
GLD  0.984  0.959  0.922  0.881  0.767                5.986
SLV  1.004  1.007  0.976  0.935  0.878                6.221
DBC  0.999  0.998  1.007  1.067  1.365                6.424
VNQ  0.839  0.750  0.690  0.685  0.584                5.315
2026-09-22 12:50:02 | INFO    | stage.stage02_eda            | PCA:
     eigenvalue  explained_variance  cumulative_variance
PC1      6.1105              0.4074               0.4074
PC2      3.7458              0.2497               0.6571
PC3      1.7599              0.1173               0.7744
PC4      0.7247              0.0483               0.8227
PC5      0.5371              0.0358               0.8585
PC6      0.4676              0.0312               0.8897
2026-09-22 12:50:02 | INFO    | stage.stage02_eda            | interpretation:
           explained_variance                 highest_loadings                  lowest_loadings dominant_class   long_short
component                                                                                                                  
PC1                  0.407369  SPY +0.39, EFA +0.37, IWM +0.37  TLT -0.16, IEF -0.16, SHY -0.12         equity       spread
PC2                  0.249719  AGG +0.46, IEF +0.45, TLT +0.41  DBC +0.02, IWM +0.03, SPY +0.03          rates  directional
PC3                  0.117327  GLD +0.61, SLV +0.59, DBC +0.37  LQD -0.18, HYG -0.15, VNQ -0.14      commodity       spread
PC4                  0.048312  VNQ +0.31, SHY +0.25, GLD +0.20  DBC -0.57, HYG -0.43, LQD -0.38         credit       spread
2026-09-22 12:50:02 | INFO    | stage.stage02_eda            | components for 90%: 7 | effective rank 6.07 | MP-significant 3
2026-09-22 12:50:32 | INFO    | stage.stage02_eda            | volatility estimator ranking (mean across assets):
                corr    rmse   qlike      r2
estimator                                   
garch_11      0.6012  0.0629  0.3027  0.2591
ewma_hl11     0.6645  0.0696  0.3748  0.3580
ewma_hl40     0.6018  0.0742  0.3900  0.3024
rolling_63    0.5931  0.0771  0.4277  0.2445
rolling_252   0.4385  0.0876  0.5088  0.0764
parkinson_21  0.6441  0.0779  0.9633  0.1505
2026-09-22 12:50:33 | INFO    | stage.stage02_eda            | GARCH(1,1) persistence: min 0.984 max 1.000 mean 0.993
2026-09-22 12:50:45 | INFO    | stage.stage02_eda            | STAGE 2 complete
